# a2 (910B3) A2-11 reproduction console - BF16 split-K M16, 500 reps
# Machine paths scrubbed to <path>; [lint] repetition and bulk per-run CASE lines elided (full counts in the receipts).
#
ENV {"device": {"builtin_op_packages": ["ascend910_93", "ascend910b", "config"], "cann_version": "9.2.0-beta.1", "cube_core_num": 20, "soc": "Ascend910B3", "torch_npu": "2.10.0.post2", "vector_core_num": 40}, "versions": {"ascriptor_commit": "90cfcdc720bbcd66e8bd4361c4dd4fbc1a2a57b5", "ascriptor_desugar_sha256": "900610ea92dcb97afd1bbea1f4abc6b306adc5fe98547bdbedde37eca34cc295", "ascriptor_lint_sha256": "c2e4662604224cb4e84522859577872b6eeb87f90ac15736c36550ecd61b3a2e", "ascriptor_version": "0.1.0", "numpy": "1.26.4", "python": "3.11.15", "torch": "2.10.0+cpu"}}
CASE splitk_bf16_m16_n64_k128_s16 profile=a2 launcher=aclnn run=1/500 expect=probe bitwise=False max_abs_diff=8.875 rel_l2=0.684184 mismatched=1022/1024 non_finite=0 poison_left=0 sha=a4b87c956ab82c0d ir_settle=0 ir_barrier_M=0 traps=0
CASE splitk_bf16_m16_n64_k128_s16 profile=a2 launcher=aclnn run=2/500 expect=probe bitwise=False max_abs_diff=9.51578 rel_l2=0.681066 mismatched=1022/1024 non_finite=0 poison_left=0 sha=b06cb93f8cea5159 ir_settle=0 ir_barrier_M=0 traps=0
CASE splitk_bf16_m16_n64_k128_s16 profile=a2 launcher=aclnn run=3/500 expect=probe bitwise=False max_abs_diff=8.875 rel_l2=0.678286 mismatched=1022/1024 non_finite=0 poison_left=0 sha=1562e48a9520ce54 ir_settle=0 ir_barrier_M=0 traps=0
CASE splitk_bf16_m16_n64_k128_s16 profile=a2 launcher=aclnn run=4/500 expect=probe bitwise=False max_abs_diff=8.875 rel_l2=0.682041 mismatched=1022/1024 non_finite=0 poison_left=0 sha=ab27bbbf4ca7b871 ir_settle=0 ir_barrier_M=0 traps=0
CASE splitk_bf16_m16_n64_k128_s16 profile=a2 launcher=aclnn run=5/500 expect=probe bitwise=False max_abs_diff=8.875 rel_l2=0.680442 mismatched=1022/1024 non_finite=0 poison_left=0 sha=4252ba347f039056 ir_settle=0 ir_barrier_M=0 traps=0
CASE splitk_bf16_m16_n64_k128_s16 profile=a2 launcher=aclnn run=6/500 expect=probe bitwise=False max_abs_diff=8.875 rel_l2=0.680908 mismatched=1022/1024 non_finite=0 poison_left=0 sha=be6935475996bf92 ir_settle=0 ir_barrier_M=0 traps=0
CASE splitk_bf16_m16_n64_k128_s16 profile=a2 launcher=aclnn run=7/500 expect=probe bitwise=False max_abs_diff=8.875 rel_l2=0.677724 mismatched=1022/1024 non_finite=0 poison_left=0 sha=a50c8ebde77ef71a ir_settle=0 ir_barrier_M=0 traps=0
CASE splitk_bf16_m16_n64_k128_s16 profile=a2 launcher=aclnn run=8/500 expect=probe bitwise=False max_abs_diff=8.875 rel_l2=0.67878 mismatched=1022/1024 non_finite=0 poison_left=0 sha=e1ade7d8694dd5ab ir_settle=0 ir_barrier_M=0 traps=0
... CASE lines elided; full counts in run_summary ...
CASE splitk_bf16_m16_n64_k128_s16 profile=a2 launcher=aclnn run=493/500 expect=probe bitwise=False max_abs_diff=239.844 rel_l2=17.2693 mismatched=1024/1024 non_finite=0 poison_left=0 sha=4d661bd8bb2765bc ir_settle=0 ir_barrier_M=0 traps=0
CASE splitk_bf16_m16_n64_k128_s16 profile=a2 launcher=aclnn run=494/500 expect=probe bitwise=False max_abs_diff=239.844 rel_l2=17.2658 mismatched=1024/1024 non_finite=0 poison_left=0 sha=2d75d49602c3d5a5 ir_settle=0 ir_barrier_M=0 traps=0
CASE splitk_bf16_m16_n64_k128_s16 profile=a2 launcher=aclnn run=495/500 expect=probe bitwise=False max_abs_diff=239.844 rel_l2=17.2707 mismatched=1024/1024 non_finite=0 poison_left=0 sha=a0d3b8ee1cfc19c8 ir_settle=0 ir_barrier_M=0 traps=0
CASE splitk_bf16_m16_n64_k128_s16 profile=a2 launcher=aclnn run=496/500 expect=probe bitwise=False max_abs_diff=239.844 rel_l2=17.268 mismatched=1024/1024 non_finite=0 poison_left=0 sha=7b167fb2756aa0d5 ir_settle=0 ir_barrier_M=0 traps=0
CASE splitk_bf16_m16_n64_k128_s16 profile=a2 launcher=aclnn run=497/500 expect=probe bitwise=False max_abs_diff=239.844 rel_l2=17.2701 mismatched=1024/1024 non_finite=0 poison_left=0 sha=39d8d1753027cf78 ir_settle=0 ir_barrier_M=0 traps=0
CASE splitk_bf16_m16_n64_k128_s16 profile=a2 launcher=aclnn run=498/500 expect=probe bitwise=False max_abs_diff=239.844 rel_l2=17.2759 mismatched=1024/1024 non_finite=0 poison_left=0 sha=f5fef5fcd3a5007b ir_settle=0 ir_barrier_M=0 traps=0
CASE splitk_bf16_m16_n64_k128_s16 profile=a2 launcher=aclnn run=499/500 expect=probe bitwise=False max_abs_diff=239.844 rel_l2=17.274 mismatched=1024/1024 non_finite=0 poison_left=0 sha=8a9a74d773484d02 ir_settle=0 ir_barrier_M=0 traps=0
CASE splitk_bf16_m16_n64_k128_s16 profile=a2 launcher=aclnn run=500/500 expect=probe bitwise=False max_abs_diff=239.844 rel_l2=17.2708 mismatched=1024/1024 non_finite=0 poison_left=0 sha=9404efcbc163c41f ir_settle=0 ir_barrier_M=0 traps=0
DECOMP splitk_bf16_m16_n64_k128_s16 run=1 fragments=8 tile_coef=[-0.0037, 1.0013, -0.0065, 0.9994, -0.0124, 0.9987, -0.0004, 0.9956] tile_rel_resid=0.0779 max_row_resid=0.279 rows_not_all_ones=[0, 1, 2, 3, 4, 5, 6, 7, 8, 9, 10, 11, 12, 13, 14, 15]
DECOMP splitk_bf16_m16_n64_k128_s16 run=2 fragments=8 tile_coef=[0.0137, 1.0003, 0.0075, 0.9989, 0.002, 1.0108, 0.0051, 0.9987] tile_rel_resid=0.143 max_row_resid=0.462 rows_not_all_ones=[0, 1, 2, 3, 4, 5, 6, 7, 8, 9, 10, 11, 12, 13, 14, 15]
DECOMP splitk_bf16_m16_n64_k128_s16 run=3 fragments=8 tile_coef=[0.0055, 0.9941, -0.0004, 1.0061, -0.0, 0.9989, -0.0011, 1.0065] tile_rel_resid=0.0511 max_row_resid=0.177 rows_not_all_ones=[0, 1, 2, 3, 4, 5, 6, 7, 8, 9, 10, 11, 12, 13, 14, 15]
DECOMP splitk_bf16_m16_n64_k128_s16 run=4 fragments=8 tile_coef=[-0.0003, 1.0079, 0.0091, 0.9971, -0.0014, 1.004, -0.0043, 0.9925] tile_rel_resid=0.106 max_row_resid=0.372 rows_not_all_ones=[0, 1, 2, 3, 4, 5, 6, 7, 8, 9, 10, 11, 12, 13, 14, 15]
DECOMP splitk_bf16_m16_n64_k128_s16 run=5 fragments=8 tile_coef=[-0.0086, 1.0003, 0.0103, 0.9884, 0.0015, 0.9921, 0.0019, 0.9949] tile_rel_resid=0.0847 max_row_resid=0.317 rows_not_all_ones=[0, 1, 2, 3, 4, 5, 6, 7, 8, 9, 10, 11, 12, 13, 14, 15]
... 495 more DECOMP lines elided (same signature) ...
SUMMARY profile=a2 launcher=aclnn cases=1 all_bitwise=0 errors=0 failed_expectation=[]
EXIT=0
